Component: ARM Compiler 5.06 update 1 (build 61) Tool: armlink [4d35a8]

==============================================================================

Section Cross References

    obj1.o(PROG1) refers to obj1.o(DATA2) for LARGEST


==============================================================================

Image Symbol Table

    Local Symbols

    Symbol Name                              Value     Ov Type        Size  Object(Section)

    PROG1                                    0x00000000   Section      100  obj1.o(PROG1)
    obj1.asm                                 0x00000000   Number         0  obj1.o ABSOLUTE
    count                                    0x00000038   Data           4  obj1.o(PROG1)
    array                                    0x0000003c   Data           0  obj1.o(PROG1)
    DATA2                                    0x40000000   Section        4  obj1.o(DATA2)
    LARGEST                                  0x40000000   Data           4  obj1.o(DATA2)

    Global Symbols

    Symbol Name                              Value     Ov Type        Size  Object(Section)

    BuildAttributes$$THM_ISAv1$ARM_ISAv4$S$PE$A:L22$X:L11$S22$IEEE1$IW$USESV6$~STKCKD$USESV7$~SHL$OSPACE$EBA8$STANDARDLIB$PRES8$EABIv2 0x00000000   Number         0  anon$$obj.o ABSOLUTE



==============================================================================

Memory Map of the image

  Image Entry point : 0x00000000

  Load Region LR_1 (Base: 0x00000000, Size: 0x00000068, Max: 0xffffffff, ABSOLUTE)

    Execution Region ER_RO (Base: 0x00000000, Size: 0x00000064, Max: 0xffffffff, ABSOLUTE)

    Base Addr    Size         Type   Attr      Idx    E Section Name        Object

    0x00000000   0x00000064   Code   RO            1  * PROG1               obj1.o


    Execution Region ER_RW (Base: 0x40000000, Size: 0x00000004, Max: 0xffffffff, ABSOLUTE)

    Base Addr    Size         Type   Attr      Idx    E Section Name        Object

    0x40000000   0x00000004   Data   RW            2    DATA2               obj1.o


    Execution Region ER_ZI (Base: 0x40000004, Size: 0x00000000, Max: 0xffffffff, ABSOLUTE)

    **** No section assigned to this execution region ****


==============================================================================

Image component sizes


      Code (inc. data)   RO Data    RW Data    ZI Data      Debug   Object Name

       100         44          0          4          0        228   obj1.o

    ----------------------------------------------------------------------
       100         44          0          4          0        228   Object Totals
         0          0          0          0          0          0   (incl. Generated)
         0          0          0          0          0          0   (incl. Padding)

    ----------------------------------------------------------------------
         0          0          0          0          0          0   Library Totals
         0          0          0          0          0          0   (incl. Padding)

    ----------------------------------------------------------------------

==============================================================================


      Code (inc. data)   RO Data    RW Data    ZI Data      Debug   

       100         44          0          4          0        228   Grand Totals
       100         44          0          4          0        228   ELF Image Totals
       100         44          0          4          0          0   ROM Totals

==============================================================================

    Total RO  Size (Code + RO Data)                  100 (   0.10kB)
    Total RW  Size (RW Data + ZI Data)                 4 (   0.00kB)
    Total ROM Size (Code + RO Data + RW Data)        104 (   0.10kB)

==============================================================================

