


ARM Macro Assembler    Page 1 


    1 00000000                 AREA             PROG1, CODE,READONLY
    2 00000000                 ENTRY
    3 00000000         START
    4 00000000         ;Largest number from a given array
    5 00000000 E59F0050        ldr              r0,=count
    6 00000004 E5901000        ldr              r1,[r0]     ; r1= array size
    7 00000008 E59F204C        ldr              r2,=array
    8 0000000C E4923004        ldr              r3, [r2],#4
    9 00000010         back
   10 00000010 E2511001        subs             r1,r1,#01
   11 00000014 0A000004        beq              fwd
   12 00000018 E4924004        ldr              r4,[r2],#4
   13 0000001C E1530004        cmp              r3,r4
   14 00000020 CAFFFFFA        bgt              back
   15 00000024 E1A03004        mov              r3,r4
   16 00000028 EAFFFFF8        b                back
   17 0000002C         fwd
   18 0000002C E59F502C        ldr              r5,=LARGEST
   19 00000030 E5853000        str              r3,[r5]
   20 00000034 EAFFFFFE 
                       exit    b                exit
   21 00000038 00000007 
                       count   DCD              0x07
   22 0000003C         array
   23 0000003C 00000015        DCD              0x15        ; DCD= Define Const
                                                            ant Double-words(32
                                                            -bit)
   24 00000040 00000035        DCD              0x35        ; DCD directive all
                                                            ocates one or more 
                                                            words of memory, al
                                                            igned
   25 00000044         ; on 4-byte boundaries
   26 00000044 00000032        DCD              0x32
   27 00000048 00000045        DCD              0x45
   28 0000004C 00000010        DCD              0x10
   29 00000050 0000004F        DCD              0x4f
   30 00000054 00000034        DCD              0x34
   31 00000058 00000000 
              00000000 
              00000000         AREA             DATA2,DATA,READWRITE ; TO STORE
                                                             RESULT IN GIVEN AD
                                                            DRESS
   32 00000000 00000000 
                       LARGEST DCD              0X0
   33 00000004                 END
Command Line: --debug --xref --diag_suppress=9931 --apcs=interwork --depend=.\o
bjects\obj1.d -o.\objects\obj1.o -IC:\Keil_v5\ARM\RV31\INC -IC:\Keil_v5\ARM\CMS
IS\Include -IC:\Keil_v5\ARM\Inc\Philips --predefine="__EVAL SETA 1" --predefine
="__UVISION_VERSION SETA 518" --list=.\listings\obj1.lst obj1.asm



ARM Macro Assembler    Page 1 Alphabetic symbol ordering
Relocatable symbols

PROG1 00000000

Symbol: PROG1
   Definitions
      At line 1 in file obj1.asm
   Uses
      None
Comment: PROG1 unused
START 00000000

Symbol: START
   Definitions
      At line 3 in file obj1.asm
   Uses
      None
Comment: START unused
array 0000003C

Symbol: array
   Definitions
      At line 22 in file obj1.asm
   Uses
      At line 7 in file obj1.asm
Comment: array used once
back 00000010

Symbol: back
   Definitions
      At line 9 in file obj1.asm
   Uses
      At line 14 in file obj1.asm
      At line 16 in file obj1.asm

count 00000038

Symbol: count
   Definitions
      At line 21 in file obj1.asm
   Uses
      At line 5 in file obj1.asm
Comment: count used once
exit 00000034

Symbol: exit
   Definitions
      At line 20 in file obj1.asm
   Uses
      At line 20 in file obj1.asm
Comment: exit used once
fwd 0000002C

Symbol: fwd
   Definitions
      At line 17 in file obj1.asm
   Uses
      At line 11 in file obj1.asm
Comment: fwd used once
7 symbols



ARM Macro Assembler    Page 1 Alphabetic symbol ordering
Relocatable symbols

DATA2 00000000

Symbol: DATA2
   Definitions
      At line 31 in file obj1.asm
   Uses
      None
Comment: DATA2 unused
LARGEST 00000000

Symbol: LARGEST
   Definitions
      At line 32 in file obj1.asm
   Uses
      At line 18 in file obj1.asm
Comment: LARGEST used once
2 symbols
343 symbols in table
